**************************************************
Report         : svf_operation
                 -status accepted 

Reference      : r:/WORK/vending_top
Implementation : i:/WORK/vending_top
Version        : X-2025.06-SP3
Date           : Wed Jul 29 17:49:28 2026
**************************************************

## SVF Operation 1 (Line: 21) - environment.  Status: accepted
## Operation Id: 1
guide_environment \
  { { precompile_db_list /Tools/synopsys/syn/X-2025.06-SP2/libraries/syn/gtech.db } } 

## SVF Operation 2 (Line: 25) - environment.  Status: accepted
## Operation Id: 2
guide_environment \
  { { dc_product_version X-2025.06-SP2 } \
    { dc_product_build_date { Aug 27, 2025 } } \
    { bus_dimension_separator_style ][ } \
    { bus_extraction_style %s\[%d:%d\] } \
    { bus_multiple_separator_style , } \
    { bus_naming_style %s[%d] } \
    { bus_range_separator_style : } \
    { dc_allow_rtl_pg false } \
    { hdlin_allow_4state_parameters TRUE } \
    { hdlin_unified_rtl_read FALSE } \
    { hdlin_enable_hier_naming FALSE } \
    { hdlin_enable_upf_compatible_naming FALSE } \
    { hdlin_vhdl_preserve_case FALSE } \
    { hdlin_generate_naming_style %s_%d } \
    { hdlin_generate_separator_style _ } \
    { hdlin_infer_enumerated_types FALSE } \
    { hdlin_interface_port_downto FALSE } \
    { hdlin_optimize_enum_types FALSE } \
    { hdlin_preserve_sequential none } \
    { hdlin_sverilog_std 2017 } \
    { hdlin_sv_packages dont_chain } \
    { hdlin_sv_union_member_naming FALSE } \
    { hdlin_vhdl_std 2008 } \
    { hdlin_vrlg_std 2005 } \
    { hdlin_v2005_replication_semantics TRUE } \
    { hdlin_while_loop_iterations 4096 } \
    { hdlin_enable_verilog_configurations_canonical TRUE } \
    { hdlin_enable_verilog_configurations_array_n_block TRUE } \
    { hdlin_enable_persistent_macros FALSE } \
    { hdlin_persistent_macros_filename syn_auto_generated_macro_file.sv } \
    { link_portname_allow_period_to_match_underscore false } \
    { link_portname_allow_square_bracket_to_match_underscore false } \
    { port_complement_naming_style %s_BAR } \
    { simplified_verification_mode FALSE } \
    { template_naming_style %s_%p } \
    { template_parameter_style %s%d } \
    { template_separator_style _ } \
    { upf_iso_filter_elements_with_applies_to ENABLE } \
    { upf_isols_allow_instances_in_elements true } \
    { link_library { * saed32rvt_tt1p05v25c.db dw_foundation.sldb } } \
    { target_library saed32rvt_tt1p05v25c.db } \
    { search_path { /home/apolo.silva/atividades_roteiros/vending_machine/formal/grupo_NN_vending /home/apolo.silva/atividades_roteiros/vending_machine/formal/grupo_NN_vending/rtl /home/apolo.silva/atividades_roteiros/vending_machine/formal/grupo_NN_vending/libs } } \
    { hdlin_fmsvf_enable_div_by_pow2 true } \
    { synopsys_root /Tools/synopsys/syn/X-2025.06-SP2 } \
    { cwd /home/apolo.silva/atividades_roteiros/vending_machine/formal/grupo_NN_vending } \
    { current_design vending_top } \
    { compile_seqmap_propagate_high_effort true } } 

## SVF Operation 3 (Line: 75) - environment.  Status: accepted
## Operation Id: 3
guide_environment \
  { { link_library { * saed32rvt_tt1p05v25c.db dw_foundation.sldb } } \
    { compile_seqmap_propagate_high_effort true } } 

## SVF Operation 4 (Line: 80) - ungroup.  Status: accepted
## Operation Id: 4
guide_ungroup \
  -cells { u_control_unit } \
  -design { vending_top } 

## SVF Operation 5 (Line: 85) - ungroup.  Status: accepted
## Operation Id: 5
guide_ungroup \
  -cells { u_credit_reg } \
  -design { vending_top } 

## SVF Operation 6 (Line: 90) - ungroup.  Status: accepted
## Operation Id: 6
guide_ungroup \
  -cells { u_memory } \
  -design { vending_top } 

## SVF Operation 7 (Line: 95) - ungroup.  Status: accepted
## Operation Id: 7
guide_ungroup \
  -cells { u_comparator } \
  -design { vending_top } 

## SVF Operation 8 (Line: 100) - ungroup.  Status: accepted
## Operation Id: 8
guide_ungroup \
  -cells { u_subtractor } \
  -design { vending_top } 

## SVF Operation 9 (Line: 105) - merge.  Status: accepted
## Operation Id: 9
guide_merge \
  -design { vending_top } \
  -datapath { RSOP_46 } \
  -type { svfMergeRSOP } \
  -input { 1 I1 } \
  -input { 1 I2 } \
  -input { 8 I3 } \
  -input { 8 I4 } \
  -input { 7 I5 } \
  -output { 8 O1 } \
  -pre_resource { { 8 } u_credit_reg/C164 = SELECT { { I1 } { I2 } { u_credit_reg/add_52.out.1 } { u_credit_reg/add_58.out.1 } } } \
  -pre_resource { { 8 } u_credit_reg/add_52 = ADD { { I3 } { I4 } } } \
  -pre_resource { { 8 } u_credit_reg/add_58 = ADD { { I3 } { I5 ZERO 8 } } } \
  -pre_assign { O1 = { u_credit_reg/C164.out.1 } } 

## SVF Operation 10 (Line: 121) - instance_map.  Status: accepted
## Operation Id: 10
guide_instance_map \
  -design { vending_top } \
  -instance { RSOP_46 } \
  -linked { vending_top_RSOP_46 } 

## SVF Operation 11 (Line: 127) - change_names.  Status: accepted
## Operation Id: 11
guide_change_names \
  -design { vending_top_RSOP_46 } \
  { { cell u_credit_reg/add_52 ADD_11 } } 

## SVF Operation 12 (Line: 132) - change_names.  Status: accepted
## Operation Id: 12
guide_change_names \
  -design { vending_top_RSOP_46 } \
  { { cell u_credit_reg/add_58 ADD_12 } } 

## SVF Operation 13 (Line: 137) - change_names.  Status: accepted
## Operation Id: 13
guide_change_names \
  -design { vending_top } \
  { { cell u_memory/sub_44 sub_x_24 } } 

## SVF Operation 14 (Line: 142) - change_names.  Status: accepted
## Operation Id: 14
guide_change_names \
  -design { vending_top } \
  { { cell u_comparator/gte_13 gte_x_32 } } 

## SVF Operation 15 (Line: 147) - change_names.  Status: accepted
## Operation Id: 15
guide_change_names \
  -design { vending_top } \
  { { cell u_comparator/gt_13 gt_x_33 } } 

## SVF Operation 16 (Line: 152) - change_names.  Status: accepted
## Operation Id: 16
guide_change_names \
  -design { vending_top } \
  { { cell u_subtractor/sub_11 sub_x_34 } } 

## SVF Operation 17 (Line: 157) - reg_constant.  Status: accepted
## Operation Id: 17
guide_reg_constant \
  -design { vending_top } \
  -replaced { svfTrue } \
  { u_memory/mem_reg[0][15] } \
  { 0 } 

## SVF Operation 18 (Line: 164) - reg_constant.  Status: accepted
## Operation Id: 18
guide_reg_constant \
  -design { vending_top } \
  -replaced { svfTrue } \
  { u_memory/mem_reg[0][14] } \
  { 0 } 

## SVF Operation 19 (Line: 171) - reg_constant.  Status: accepted
## Operation Id: 19
guide_reg_constant \
  -design { vending_top } \
  -replaced { svfTrue } \
  { u_memory/mem_reg[0][13] } \
  { 0 } 

## SVF Operation 20 (Line: 178) - reg_constant.  Status: accepted
## Operation Id: 20
guide_reg_constant \
  -design { vending_top } \
  -replaced { svfTrue } \
  { u_memory/mem_reg[0][12] } \
  { 1 } 

## SVF Operation 21 (Line: 185) - reg_constant.  Status: accepted
## Operation Id: 21
guide_reg_constant \
  -design { vending_top } \
  -replaced { svfTrue } \
  { u_memory/mem_reg[0][11] } \
  { 1 } 

## SVF Operation 22 (Line: 192) - reg_constant.  Status: accepted
## Operation Id: 22
guide_reg_constant \
  -design { vending_top } \
  -replaced { svfTrue } \
  { u_memory/mem_reg[0][10] } \
  { 0 } 

## SVF Operation 23 (Line: 199) - reg_constant.  Status: accepted
## Operation Id: 23
guide_reg_constant \
  -design { vending_top } \
  -replaced { svfTrue } \
  { u_memory/mem_reg[0][9] } \
  { 0 } 

## SVF Operation 24 (Line: 206) - reg_constant.  Status: accepted
## Operation Id: 24
guide_reg_constant \
  -design { vending_top } \
  -replaced { svfTrue } \
  { u_memory/mem_reg[0][8] } \
  { 1 } 

## SVF Operation 25 (Line: 213) - reg_constant.  Status: accepted
## Operation Id: 25
guide_reg_constant \
  -design { vending_top } \
  -replaced { svfTrue } \
  { u_memory/mem_reg[1][15] } \
  { 0 } 

## SVF Operation 26 (Line: 220) - reg_constant.  Status: accepted
## Operation Id: 26
guide_reg_constant \
  -design { vending_top } \
  -replaced { svfTrue } \
  { u_memory/mem_reg[1][14] } \
  { 0 } 

## SVF Operation 27 (Line: 227) - reg_constant.  Status: accepted
## Operation Id: 27
guide_reg_constant \
  -design { vending_top } \
  -replaced { svfTrue } \
  { u_memory/mem_reg[1][13] } \
  { 1 } 

## SVF Operation 28 (Line: 234) - reg_constant.  Status: accepted
## Operation Id: 28
guide_reg_constant \
  -design { vending_top } \
  -replaced { svfTrue } \
  { u_memory/mem_reg[1][12] } \
  { 1 } 

## SVF Operation 29 (Line: 241) - reg_constant.  Status: accepted
## Operation Id: 29
guide_reg_constant \
  -design { vending_top } \
  -replaced { svfTrue } \
  { u_memory/mem_reg[1][11] } \
  { 0 } 

## SVF Operation 30 (Line: 248) - reg_constant.  Status: accepted
## Operation Id: 30
guide_reg_constant \
  -design { vending_top } \
  -replaced { svfTrue } \
  { u_memory/mem_reg[1][10] } \
  { 0 } 

## SVF Operation 31 (Line: 255) - reg_constant.  Status: accepted
## Operation Id: 31
guide_reg_constant \
  -design { vending_top } \
  -replaced { svfTrue } \
  { u_memory/mem_reg[1][9] } \
  { 1 } 

## SVF Operation 32 (Line: 262) - reg_constant.  Status: accepted
## Operation Id: 32
guide_reg_constant \
  -design { vending_top } \
  -replaced { svfTrue } \
  { u_memory/mem_reg[1][8] } \
  { 0 } 

## SVF Operation 33 (Line: 269) - reg_constant.  Status: accepted
## Operation Id: 33
guide_reg_constant \
  -design { vending_top } \
  -replaced { svfTrue } \
  { u_memory/mem_reg[2][15] } \
  { 0 } 

## SVF Operation 34 (Line: 276) - reg_constant.  Status: accepted
## Operation Id: 34
guide_reg_constant \
  -design { vending_top } \
  -replaced { svfTrue } \
  { u_memory/mem_reg[2][14] } \
  { 1 } 

## SVF Operation 35 (Line: 283) - reg_constant.  Status: accepted
## Operation Id: 35
guide_reg_constant \
  -design { vending_top } \
  -replaced { svfTrue } \
  { u_memory/mem_reg[2][13] } \
  { 0 } 

## SVF Operation 36 (Line: 290) - reg_constant.  Status: accepted
## Operation Id: 36
guide_reg_constant \
  -design { vending_top } \
  -replaced { svfTrue } \
  { u_memory/mem_reg[2][12] } \
  { 0 } 

## SVF Operation 37 (Line: 297) - reg_constant.  Status: accepted
## Operation Id: 37
guide_reg_constant \
  -design { vending_top } \
  -replaced { svfTrue } \
  { u_memory/mem_reg[2][11] } \
  { 1 } 

## SVF Operation 38 (Line: 304) - reg_constant.  Status: accepted
## Operation Id: 38
guide_reg_constant \
  -design { vending_top } \
  -replaced { svfTrue } \
  { u_memory/mem_reg[2][10] } \
  { 0 } 

## SVF Operation 39 (Line: 311) - reg_constant.  Status: accepted
## Operation Id: 39
guide_reg_constant \
  -design { vending_top } \
  -replaced { svfTrue } \
  { u_memory/mem_reg[2][9] } \
  { 1 } 

## SVF Operation 40 (Line: 318) - reg_constant.  Status: accepted
## Operation Id: 40
guide_reg_constant \
  -design { vending_top } \
  -replaced { svfTrue } \
  { u_memory/mem_reg[2][8] } \
  { 1 } 

## SVF Operation 41 (Line: 325) - reg_constant.  Status: accepted
## Operation Id: 41
guide_reg_constant \
  -design { vending_top } \
  -replaced { svfTrue } \
  { u_memory/mem_reg[3][15] } \
  { 0 } 

## SVF Operation 42 (Line: 332) - reg_constant.  Status: accepted
## Operation Id: 42
guide_reg_constant \
  -design { vending_top } \
  -replaced { svfTrue } \
  { u_memory/mem_reg[3][14] } \
  { 1 } 

## SVF Operation 43 (Line: 339) - reg_constant.  Status: accepted
## Operation Id: 43
guide_reg_constant \
  -design { vending_top } \
  -replaced { svfTrue } \
  { u_memory/mem_reg[3][13] } \
  { 1 } 

## SVF Operation 44 (Line: 346) - reg_constant.  Status: accepted
## Operation Id: 44
guide_reg_constant \
  -design { vending_top } \
  -replaced { svfTrue } \
  { u_memory/mem_reg[3][12] } \
  { 0 } 

## SVF Operation 45 (Line: 353) - reg_constant.  Status: accepted
## Operation Id: 45
guide_reg_constant \
  -design { vending_top } \
  -replaced { svfTrue } \
  { u_memory/mem_reg[3][11] } \
  { 0 } 

## SVF Operation 46 (Line: 360) - reg_constant.  Status: accepted
## Operation Id: 46
guide_reg_constant \
  -design { vending_top } \
  -replaced { svfTrue } \
  { u_memory/mem_reg[3][10] } \
  { 1 } 

## SVF Operation 47 (Line: 367) - reg_constant.  Status: accepted
## Operation Id: 47
guide_reg_constant \
  -design { vending_top } \
  -replaced { svfTrue } \
  { u_memory/mem_reg[3][9] } \
  { 0 } 

## SVF Operation 48 (Line: 374) - reg_constant.  Status: accepted
## Operation Id: 48
guide_reg_constant \
  -design { vending_top } \
  -replaced { svfTrue } \
  { u_memory/mem_reg[3][8] } \
  { 0 } 

## SVF Operation 49 (Line: 381) - reg_constant.  Status: accepted
## Operation Id: 49
guide_reg_constant \
  -design { vending_top } \
  -replaced { svfTrue } \
  { u_memory/price_reg[7] } \
  { 0 } 

## SVF Operation 50 (Line: 388) - reg_constant.  Status: accepted
## Operation Id: 50
guide_reg_constant \
  -design { vending_top } \
  -replaced { svfTrue } \
  { u_credit_reg/pending_coin_value_reg[7] } \
  { 0 } 

## SVF Operation 51 (Line: 395) - replace.  Status: accepted
## Operation Id: 51
guide_replace \
  -origin { ExTra_mutex } \
  -design { vending_top_RSOP_46 } \
  -input { 8 src43 } \
  -input { 8 src75 } \
  -input { 7 src10 } \
  -input { 1 src76 } \
  -input { 1 src77 } \
  -output { 8 O1 } \
  -pre_resource { { 8 } ADD_11 = ADD { { src43 ANY 8 } { src75 ANY 8 } } } \
  -pre_resource { { 8 } ADD_12 = ADD { { src43 ANY 8 } { src10 ZERO 8 } } } \
  -pre_resource { { 8 } SEL_14 = SELECT { { src76 } { src77 } { ADD_11.out.1 ANY 8 } { ADD_12.out.1 ANY 8 } } } \
  -pre_assign { O1 = { SEL_14.out.1 ANY 8 } } \
  -post_resource { { 8 } ADD_16 = ADD { { SEL_17.out.1 ANY 8 } { SEL_18.out.1 ANY 8 } } } \
  -post_resource { { 8 } SEL_17 = SELECT { { src76 } { src77 } { src43 ANY 8 } { src43 ANY 8 } } } \
  -post_resource { { 8 } SEL_18 = SELECT { { src76 } { src77 } { src75 ANY 8 } { src10 ZERO 8 } } } \
  -post_resource { { 8 } SEL_19 = SELECT { { src76 } { src77 } { ADD_16.out.1 ANY 8 } { ADD_16.out.1 ANY 8 } } } \
  -post_assign { O1 = { SEL_19.out.1 ANY 8 } } 

## SVF Operation 52 (Line: 415) - merge.  Status: accepted
## Operation Id: 52
guide_merge \
  -design { vending_top_RSOP_46 } \
  -datapath { DP_OP_22J1_122_2962 } \
  -type { svfMergeDPOP } \
  -input { 8 I1 } \
  -input { 8 I2 } \
  -output { 8 O1 } \
  -pre_resource { { 8 } ADD_16 = ADD { { I1 } { I2 } } } \
  -pre_assign { O1 = { ADD_16.out.1 } } 

## SVF Operation 53 (Line: 426) - boundary_netlist.  Status: accepted
## Operation Id: 53
guide_boundary_netlist \
  -file { netlists/S1/J1/dw-1 } \
  { saed32rvt_tt1p05v25c } 

## SVF Operation 54 (Line: 431) - replace.  Status: accepted
## Operation Id: 54
guide_replace \
  -origin { Gensh } \
  -body { vending_top_DP_OP_22J1_122_2962_J1_0 } \
  -input { unsigned 8 I1 bin } \
  -input { unsigned 8 I2 bin } \
  -output { 8 O1 bin } \
  -pre_resource { { 8 } OP0 = ADD { { I1 ZERO 8 } { I2 ZERO 8 } } } \
  -pre_assign { O1 = { OP0.out.1 ZERO 8 } } \
  -post_resource { { 8 } OP0 = ADD { { I1 ZERO 8 } { I2 ZERO 8 } } } \
  -post_assign { O1 = { OP0.out.1 ZERO 8 } } 

## SVF Operation 55 (Line: 443) - boundary.  Status: accepted
## Operation Id: 55
guide_boundary \
  -body { vending_top_DP_OP_22J1_122_2962_J1_0 } \
  -operand { I1 bin 8 } \
  -column { I1 0 { I1[0] } } \
  -column { I1 1 { I1[1] } } \
  -column { I1 2 { I1[2] } } \
  -column { I1 3 { I1[3] } } \
  -column { I1 4 { I1[4] } } \
  -column { I1 5 { I1[5] } } \
  -column { I1 6 { I1[6] } } \
  -column { I1 7 { I1[7] } } \
  -operand { I2 bin 8 } \
  -column { I2 0 { I2[0] } } \
  -column { I2 1 { I2[1] } } \
  -column { I2 2 { I2[2] } } \
  -column { I2 3 { I2[3] } } \
  -column { I2 4 { I2[4] } } \
  -column { I2 5 { I2[5] } } \
  -column { I2 6 { I2[6] } } \
  -column { I2 7 { I2[7] } } \
  -operand { OP0.out.1 bin 8 } \
  -column { OP0.out.1 0 { O1[0] } } \
  -column { OP0.out.1 1 { O1[1] } } \
  -column { OP0.out.1 2 { O1[2] } } \
  -column { OP0.out.1 3 { O1[3] } } \
  -column { OP0.out.1 4 { O1[4] } } \
  -column { OP0.out.1 5 { O1[5] } } \
  -column { OP0.out.1 6 { O1[6] } } \
  -column { OP0.out.1 7 { O1[7] } } \
  -resource { OP0 \
     { I1 I2 } \
     { OP0.out.1 } } 

## SVF Operation 56 (Line: 477) - architecture_netlist.  Status: accepted
## Operation Id: 56
guide_architecture_netlist \
  -file { netlists/S1/J1/dw-1 } \
  { saed32rvt_tt1p05v25c } 

## SVF Operation 57 (Line: 482) - datapath.  Status: accepted
## Operation Id: 57
guide_datapath \
  -design { vending_top_RSOP_46 } \
  -datapath { DP_OP_22J1_122_2962 } \
  -body { vending_top_DP_OP_22J1_122_2962_J1_0 } 

## SVF Operation 58 (Line: 488) - ungroup.  Status: accepted
## Operation Id: 58
guide_ungroup \
  -cells { RSOP_46 } \
  -design { vending_top } 

## SVF Operation 59 (Line: 493) - change_names.  Status: accepted
## Operation Id: 59
guide_change_names \
  -design { vending_top } \
  { { cell RSOP_46/DP_OP_22J1_122_2962 DP_OP_22J1_122_2962 } } 

## SVF Operation 60 (Line: 498) - reg_constant.  Status: accepted
## Operation Id: 60
guide_reg_constant \
  -design { vending_top } \
  -replaced { svfTrue } \
  { u_memory/mem_reg[0][7] } \
  { 0 } 

## SVF Operation 61 (Line: 505) - reg_constant.  Status: accepted
## Operation Id: 61
guide_reg_constant \
  -design { vending_top } \
  -replaced { svfTrue } \
  { u_memory/stock_reg[7] } \
  { 0 } 

## SVF Operation 62 (Line: 512) - reg_constant.  Status: accepted
## Operation Id: 62
guide_reg_constant \
  -design { vending_top } \
  -replaced { svfTrue } \
  { u_memory/mem_reg[3][7] } \
  { 0 } 

## SVF Operation 63 (Line: 519) - reg_constant.  Status: accepted
## Operation Id: 63
guide_reg_constant \
  -design { vending_top } \
  -replaced { svfTrue } \
  { u_memory/mem_reg[2][7] } \
  { 0 } 

## SVF Operation 64 (Line: 526) - reg_constant.  Status: accepted
## Operation Id: 64
guide_reg_constant \
  -design { vending_top } \
  -replaced { svfTrue } \
  { u_memory/mem_reg[1][7] } \
  { 0 } 

## SVF Operation 65 (Line: 533) - inv_push.  Status: accepted
## Operation Id: 65
guide_inv_push \
  -design { vending_top } \
  -register { u_credit_reg/pending_coin_value_reg[4] } 

## SVF Operation 66 (Line: 538) - reg_constant.  Status: accepted
## Operation Id: 66
guide_reg_constant \
  -design { vending_top } \
  -replaced { svfTrue } \
  { u_memory/mem_reg[0][6] } \
  { 0 } 

## SVF Operation 67 (Line: 545) - reg_constant.  Status: accepted
## Operation Id: 67
guide_reg_constant \
  -design { vending_top } \
  -replaced { svfTrue } \
  { u_memory/mem_reg[3][6] } \
  { 0 } 

## SVF Operation 68 (Line: 552) - reg_constant.  Status: accepted
## Operation Id: 68
guide_reg_constant \
  -design { vending_top } \
  -replaced { svfTrue } \
  { u_memory/mem_reg[2][6] } \
  { 0 } 

## SVF Operation 69 (Line: 559) - reg_constant.  Status: accepted
## Operation Id: 69
guide_reg_constant \
  -design { vending_top } \
  -replaced { svfTrue } \
  { u_memory/mem_reg[1][6] } \
  { 0 } 

## SVF Operation 70 (Line: 566) - reg_constant.  Status: accepted
## Operation Id: 70
guide_reg_constant \
  -design { vending_top } \
  -replaced { svfTrue } \
  { u_memory/stock_reg[6] } \
  { 0 } 

## SVF Operation 71 (Line: 573) - reg_constant.  Status: accepted
## Operation Id: 71
guide_reg_constant \
  -design { vending_top } \
  -replaced { svfTrue } \
  { u_memory/mem_reg[0][5] } \
  { 0 } 

## SVF Operation 72 (Line: 580) - reg_constant.  Status: accepted
## Operation Id: 72
guide_reg_constant \
  -design { vending_top } \
  -replaced { svfTrue } \
  { u_memory/mem_reg[3][5] } \
  { 0 } 

## SVF Operation 73 (Line: 587) - reg_constant.  Status: accepted
## Operation Id: 73
guide_reg_constant \
  -design { vending_top } \
  -replaced { svfTrue } \
  { u_memory/mem_reg[2][5] } \
  { 0 } 

## SVF Operation 74 (Line: 594) - reg_constant.  Status: accepted
## Operation Id: 74
guide_reg_constant \
  -design { vending_top } \
  -replaced { svfTrue } \
  { u_memory/mem_reg[1][5] } \
  { 0 } 

## SVF Operation 75 (Line: 601) - reg_constant.  Status: accepted
## Operation Id: 75
guide_reg_constant \
  -design { vending_top } \
  -replaced { svfTrue } \
  { u_memory/stock_reg[5] } \
  { 0 } 

## SVF Operation 76 (Line: 608) - environment.  Status: accepted
## Operation Id: 76
guide_environment \
  { { postcompile_db_list /home/apolo.silva/atividades_roteiros/vending_machine/formal/grupo_NN_vending/libs/saed32rvt_tt1p05v25c.db } } 

## SVF Operation 77 (Line: 612) - environment.  Status: accepted
## Operation Id: 77
guide_environment \
  { { write_file { -format verilog -hierarchy -output /home/apolo.silva/atividades_roteiros/vending_machine/formal/grupo_NN_vending/synth/vending_top_syn.v } } \
    { write_file { -format ddc -hierarchy -output /home/apolo.silva/atividades_roteiros/vending_machine/formal/grupo_NN_vending/synth/vending_top_syn.ddc } } \
    { compile_seqmap_propagate_high_effort true } } 

1
