 
****************************************
Report : area
Design : vending_top
Version: X-2025.06-SP2
Date   : Wed Jul 29 14:55:44 2026
****************************************

Information: Updating design information... (UID-85)
Library(s) Used:

    saed32rvt_tt1p05v25c (File: /home/apolo.silva/atividades_roteiros/vending_machine/formal/grupo_NN_vending/libs/saed32rvt_tt1p05v25c.db)

Number of ports:                           29
Number of nets:                           281
Number of cells:                          246
Number of combinational cells:            183
Number of sequential cells:                62
Number of macros/black boxes:               0
Number of buf/inv:                         25
Number of references:                      26

Combinational area:                459.238210
Buf/Inv area:                       31.768000
Noncombinational area:             410.696717
Macro/Black Box area:                0.000000
Net Interconnect area:             163.414416

Total cell area:                   869.934927
Total area:                       1033.349343
1
