 
****************************************
Report : timing
        -path full
        -delay max
        -max_paths 10
Design : vending_top
Version: X-2025.06-SP2
Date   : Wed Jul 29 14:55:44 2026
****************************************

Operating Conditions: tt1p05v25c   Library: saed32rvt_tt1p05v25c
Wire Load Model Mode: enclosed

  Startpoint: coin_in[0] (input port clocked by clk)
  Endpoint: u_credit_reg/credit_reg[7]
            (rising edge-triggered flip-flop clocked by clk)
  Path Group: clk
  Path Type: max

  Des/Clust/Port     Wire Load Model       Library
  ------------------------------------------------
  vending_top        8000                  saed32rvt_tt1p05v25c

  Point                                                   Incr       Path
  --------------------------------------------------------------------------
  clock clk (rise edge)                                   0.00       0.00
  clock network delay (ideal)                             0.00       0.00
  input external delay                                    3.00       3.00 r
  coin_in[0] (in)                                         0.01       3.01 r
  U197/Y (INVX0_RVT)                                      0.04       3.05 f
  U206/Y (NAND2X0_RVT)                                    0.05       3.10 r
  U207/Y (INVX0_RVT)                                      0.03       3.13 f
  U208/Y (OR3X1_RVT)                                      0.06       3.19 f
  U181/Y (OR2X1_RVT)                                      0.05       3.24 f
  U180/Y (INVX0_RVT)                                      0.03       3.27 r
  U223/Y (AND2X1_RVT)                                     0.04       3.31 r
  U251/Y (OR2X1_RVT)                                      0.05       3.36 r
  DP_OP_22J1_122_2962/U9/C1 (HADDX1_RVT)                  0.06       3.42 r
  DP_OP_22J1_122_2962/U8/CO (FADDX1_RVT)                  0.09       3.51 r
  DP_OP_22J1_122_2962/U7/CO (FADDX1_RVT)                  0.09       3.60 r
  DP_OP_22J1_122_2962/U6/CO (FADDX1_RVT)                  0.09       3.69 r
  DP_OP_22J1_122_2962/U5/CO (FADDX1_RVT)                  0.09       3.77 r
  DP_OP_22J1_122_2962/U4/CO (FADDX1_RVT)                  0.09       3.86 r
  DP_OP_22J1_122_2962/U3/CO (FADDX1_RVT)                  0.08       3.95 r
  U188/Y (XOR2X1_RVT)                                     0.08       4.03 f
  U231/Y (AO22X1_RVT)                                     0.04       4.07 f
  u_credit_reg/credit_reg[7]/D (DFFX1_RVT)                0.01       4.08 f
  data arrival time                                                  4.08

  clock clk (rise edge)                                   6.00       6.00
  clock network delay (ideal)                             0.00       6.00
  clock uncertainty                                      -0.50       5.50
  u_credit_reg/credit_reg[7]/CLK (DFFX1_RVT)              0.00       5.50 r
  library setup time                                     -0.02       5.48
  data required time                                                 5.48
  --------------------------------------------------------------------------
  data required time                                                 5.48
  data arrival time                                                 -4.08
  --------------------------------------------------------------------------
  slack (MET)                                                        1.39


  Startpoint: coin_in[0] (input port clocked by clk)
  Endpoint: u_credit_reg/credit_reg[6]
            (rising edge-triggered flip-flop clocked by clk)
  Path Group: clk
  Path Type: max

  Des/Clust/Port     Wire Load Model       Library
  ------------------------------------------------
  vending_top        8000                  saed32rvt_tt1p05v25c

  Point                                                   Incr       Path
  --------------------------------------------------------------------------
  clock clk (rise edge)                                   0.00       0.00
  clock network delay (ideal)                             0.00       0.00
  input external delay                                    3.00       3.00 r
  coin_in[0] (in)                                         0.01       3.01 r
  U197/Y (INVX0_RVT)                                      0.04       3.05 f
  U206/Y (NAND2X0_RVT)                                    0.05       3.10 r
  U207/Y (INVX0_RVT)                                      0.03       3.13 f
  U208/Y (OR3X1_RVT)                                      0.06       3.19 f
  U181/Y (OR2X1_RVT)                                      0.05       3.24 f
  U180/Y (INVX0_RVT)                                      0.03       3.27 r
  U223/Y (AND2X1_RVT)                                     0.04       3.31 r
  U251/Y (OR2X1_RVT)                                      0.05       3.36 r
  DP_OP_22J1_122_2962/U9/C1 (HADDX1_RVT)                  0.06       3.42 r
  DP_OP_22J1_122_2962/U8/CO (FADDX1_RVT)                  0.09       3.51 r
  DP_OP_22J1_122_2962/U7/CO (FADDX1_RVT)                  0.09       3.60 r
  DP_OP_22J1_122_2962/U6/CO (FADDX1_RVT)                  0.09       3.69 r
  DP_OP_22J1_122_2962/U5/CO (FADDX1_RVT)                  0.09       3.77 r
  DP_OP_22J1_122_2962/U4/CO (FADDX1_RVT)                  0.09       3.86 r
  DP_OP_22J1_122_2962/U3/S (FADDX1_RVT)                   0.11       3.97 f
  U252/Y (AO22X1_RVT)                                     0.04       4.01 f
  u_credit_reg/credit_reg[6]/D (DFFX1_RVT)                0.01       4.03 f
  data arrival time                                                  4.03

  clock clk (rise edge)                                   6.00       6.00
  clock network delay (ideal)                             0.00       6.00
  clock uncertainty                                      -0.50       5.50
  u_credit_reg/credit_reg[6]/CLK (DFFX1_RVT)              0.00       5.50 r
  library setup time                                     -0.02       5.48
  data required time                                                 5.48
  --------------------------------------------------------------------------
  data required time                                                 5.48
  data arrival time                                                 -4.03
  --------------------------------------------------------------------------
  slack (MET)                                                        1.45


  Startpoint: coin_in[0] (input port clocked by clk)
  Endpoint: u_credit_reg/credit_reg[5]
            (rising edge-triggered flip-flop clocked by clk)
  Path Group: clk
  Path Type: max

  Des/Clust/Port     Wire Load Model       Library
  ------------------------------------------------
  vending_top        8000                  saed32rvt_tt1p05v25c

  Point                                                   Incr       Path
  --------------------------------------------------------------------------
  clock clk (rise edge)                                   0.00       0.00
  clock network delay (ideal)                             0.00       0.00
  input external delay                                    3.00       3.00 r
  coin_in[0] (in)                                         0.01       3.01 r
  U197/Y (INVX0_RVT)                                      0.04       3.05 f
  U206/Y (NAND2X0_RVT)                                    0.05       3.10 r
  U207/Y (INVX0_RVT)                                      0.03       3.13 f
  U208/Y (OR3X1_RVT)                                      0.06       3.19 f
  U181/Y (OR2X1_RVT)                                      0.05       3.24 f
  U180/Y (INVX0_RVT)                                      0.03       3.27 r
  U223/Y (AND2X1_RVT)                                     0.04       3.31 r
  U251/Y (OR2X1_RVT)                                      0.05       3.36 r
  DP_OP_22J1_122_2962/U9/C1 (HADDX1_RVT)                  0.06       3.42 r
  DP_OP_22J1_122_2962/U8/CO (FADDX1_RVT)                  0.09       3.51 r
  DP_OP_22J1_122_2962/U7/CO (FADDX1_RVT)                  0.09       3.60 r
  DP_OP_22J1_122_2962/U6/CO (FADDX1_RVT)                  0.09       3.69 r
  DP_OP_22J1_122_2962/U5/CO (FADDX1_RVT)                  0.09       3.77 r
  DP_OP_22J1_122_2962/U4/S (FADDX1_RVT)                   0.11       3.88 f
  U232/Y (AO22X1_RVT)                                     0.04       3.93 f
  u_credit_reg/credit_reg[5]/D (DFFX1_RVT)                0.01       3.94 f
  data arrival time                                                  3.94

  clock clk (rise edge)                                   6.00       6.00
  clock network delay (ideal)                             0.00       6.00
  clock uncertainty                                      -0.50       5.50
  u_credit_reg/credit_reg[5]/CLK (DFFX1_RVT)              0.00       5.50 r
  library setup time                                     -0.02       5.48
  data required time                                                 5.48
  --------------------------------------------------------------------------
  data required time                                                 5.48
  data arrival time                                                 -3.94
  --------------------------------------------------------------------------
  slack (MET)                                                        1.54


  Startpoint: coin_in[0] (input port clocked by clk)
  Endpoint: u_credit_reg/credit_reg[4]
            (rising edge-triggered flip-flop clocked by clk)
  Path Group: clk
  Path Type: max

  Des/Clust/Port     Wire Load Model       Library
  ------------------------------------------------
  vending_top        8000                  saed32rvt_tt1p05v25c

  Point                                                   Incr       Path
  --------------------------------------------------------------------------
  clock clk (rise edge)                                   0.00       0.00
  clock network delay (ideal)                             0.00       0.00
  input external delay                                    3.00       3.00 r
  coin_in[0] (in)                                         0.01       3.01 r
  U197/Y (INVX0_RVT)                                      0.04       3.05 f
  U206/Y (NAND2X0_RVT)                                    0.05       3.10 r
  U207/Y (INVX0_RVT)                                      0.03       3.13 f
  U208/Y (OR3X1_RVT)                                      0.06       3.19 f
  U181/Y (OR2X1_RVT)                                      0.05       3.24 f
  U180/Y (INVX0_RVT)                                      0.03       3.27 r
  U223/Y (AND2X1_RVT)                                     0.04       3.31 r
  U251/Y (OR2X1_RVT)                                      0.05       3.36 r
  DP_OP_22J1_122_2962/U9/C1 (HADDX1_RVT)                  0.06       3.42 r
  DP_OP_22J1_122_2962/U8/CO (FADDX1_RVT)                  0.09       3.51 r
  DP_OP_22J1_122_2962/U7/CO (FADDX1_RVT)                  0.09       3.60 r
  DP_OP_22J1_122_2962/U6/CO (FADDX1_RVT)                  0.09       3.69 r
  DP_OP_22J1_122_2962/U5/S (FADDX1_RVT)                   0.11       3.80 f
  U233/Y (AO22X1_RVT)                                     0.04       3.84 f
  u_credit_reg/credit_reg[4]/D (DFFX1_RVT)                0.01       3.85 f
  data arrival time                                                  3.85

  clock clk (rise edge)                                   6.00       6.00
  clock network delay (ideal)                             0.00       6.00
  clock uncertainty                                      -0.50       5.50
  u_credit_reg/credit_reg[4]/CLK (DFFX1_RVT)              0.00       5.50 r
  library setup time                                     -0.02       5.48
  data required time                                                 5.48
  --------------------------------------------------------------------------
  data required time                                                 5.48
  data arrival time                                                 -3.85
  --------------------------------------------------------------------------
  slack (MET)                                                        1.63


  Startpoint: coin_in[0] (input port clocked by clk)
  Endpoint: u_credit_reg/credit_reg[3]
            (rising edge-triggered flip-flop clocked by clk)
  Path Group: clk
  Path Type: max

  Des/Clust/Port     Wire Load Model       Library
  ------------------------------------------------
  vending_top        8000                  saed32rvt_tt1p05v25c

  Point                                                   Incr       Path
  --------------------------------------------------------------------------
  clock clk (rise edge)                                   0.00       0.00
  clock network delay (ideal)                             0.00       0.00
  input external delay                                    3.00       3.00 r
  coin_in[0] (in)                                         0.01       3.01 r
  U197/Y (INVX0_RVT)                                      0.04       3.05 f
  U206/Y (NAND2X0_RVT)                                    0.05       3.10 r
  U207/Y (INVX0_RVT)                                      0.03       3.13 f
  U208/Y (OR3X1_RVT)                                      0.06       3.19 f
  U181/Y (OR2X1_RVT)                                      0.05       3.24 f
  U180/Y (INVX0_RVT)                                      0.03       3.27 r
  U223/Y (AND2X1_RVT)                                     0.04       3.31 r
  U251/Y (OR2X1_RVT)                                      0.05       3.36 r
  DP_OP_22J1_122_2962/U9/C1 (HADDX1_RVT)                  0.06       3.42 r
  DP_OP_22J1_122_2962/U8/CO (FADDX1_RVT)                  0.09       3.51 r
  DP_OP_22J1_122_2962/U7/CO (FADDX1_RVT)                  0.09       3.60 r
  DP_OP_22J1_122_2962/U6/S (FADDX1_RVT)                   0.11       3.71 f
  U234/Y (AO22X1_RVT)                                     0.04       3.75 f
  u_credit_reg/credit_reg[3]/D (DFFX1_RVT)                0.01       3.76 f
  data arrival time                                                  3.76

  clock clk (rise edge)                                   6.00       6.00
  clock network delay (ideal)                             0.00       6.00
  clock uncertainty                                      -0.50       5.50
  u_credit_reg/credit_reg[3]/CLK (DFFX1_RVT)              0.00       5.50 r
  library setup time                                     -0.02       5.48
  data required time                                                 5.48
  --------------------------------------------------------------------------
  data required time                                                 5.48
  data arrival time                                                 -3.76
  --------------------------------------------------------------------------
  slack (MET)                                                        1.71


  Startpoint: sel_item[1]
              (input port clocked by clk)
  Endpoint: u_memory/mem_reg[3][0]
            (rising edge-triggered flip-flop clocked by clk)
  Path Group: clk
  Path Type: max

  Des/Clust/Port     Wire Load Model       Library
  ------------------------------------------------
  vending_top        8000                  saed32rvt_tt1p05v25c

  Point                                                   Incr       Path
  --------------------------------------------------------------------------
  clock clk (rise edge)                                   0.00       0.00
  clock network delay (ideal)                             0.00       0.00
  input external delay                                    3.00       3.00 f
  sel_item[1] (in)                                        0.03       3.03 f
  U280/Y (MUX41X1_RVT)                                    0.21       3.24 r
  U290/Y (OR2X1_RVT)                                      0.06       3.30 r
  U291/Y (OR2X1_RVT)                                      0.06       3.36 r
  U292/Y (OR2X1_RVT)                                      0.05       3.41 r
  U293/Y (OR2X1_RVT)                                      0.05       3.47 r
  U294/Y (NAND2X0_RVT)                                    0.05       3.52 f
  U187/Y (OA21X1_RVT)                                     0.07       3.59 f
  U296/Y (INVX0_RVT)                                      0.04       3.63 r
  U297/Y (AND2X1_RVT)                                     0.05       3.68 r
  U298/Y (AO22X1_RVT)                                     0.06       3.74 r
  u_memory/mem_reg[3][0]/D (DFFX1_RVT)                    0.01       3.75 r
  data arrival time                                                  3.75

  clock clk (rise edge)                                   6.00       6.00
  clock network delay (ideal)                             0.00       6.00
  clock uncertainty                                      -0.50       5.50
  u_memory/mem_reg[3][0]/CLK (DFFX1_RVT)                  0.00       5.50 r
  library setup time                                     -0.03       5.47
  data required time                                                 5.47
  --------------------------------------------------------------------------
  data required time                                                 5.47
  data arrival time                                                 -3.75
  --------------------------------------------------------------------------
  slack (MET)                                                        1.72


  Startpoint: sel_item[1]
              (input port clocked by clk)
  Endpoint: u_memory/mem_reg[1][1]
            (rising edge-triggered flip-flop clocked by clk)
  Path Group: clk
  Path Type: max

  Des/Clust/Port     Wire Load Model       Library
  ------------------------------------------------
  vending_top        8000                  saed32rvt_tt1p05v25c

  Point                                                   Incr       Path
  --------------------------------------------------------------------------
  clock clk (rise edge)                                   0.00       0.00
  clock network delay (ideal)                             0.00       0.00
  input external delay                                    3.00       3.00 f
  sel_item[1] (in)                                        0.03       3.03 f
  U280/Y (MUX41X1_RVT)                                    0.21       3.24 r
  U290/Y (OR2X1_RVT)                                      0.06       3.30 r
  U291/Y (OR2X1_RVT)                                      0.06       3.36 r
  U292/Y (OR2X1_RVT)                                      0.05       3.41 r
  U293/Y (OR2X1_RVT)                                      0.05       3.47 r
  U294/Y (NAND2X0_RVT)                                    0.05       3.52 f
  U320/Y (OA21X1_RVT)                                     0.07       3.59 f
  U321/Y (INVX0_RVT)                                      0.05       3.63 r
  U323/Y (AND2X1_RVT)                                     0.05       3.68 r
  U324/Y (AO22X1_RVT)                                     0.05       3.74 r
  u_memory/mem_reg[1][1]/D (DFFX1_RVT)                    0.01       3.75 r
  data arrival time                                                  3.75

  clock clk (rise edge)                                   6.00       6.00
  clock network delay (ideal)                             0.00       6.00
  clock uncertainty                                      -0.50       5.50
  u_memory/mem_reg[1][1]/CLK (DFFX1_RVT)                  0.00       5.50 r
  library setup time                                     -0.03       5.47
  data required time                                                 5.47
  --------------------------------------------------------------------------
  data required time                                                 5.47
  data arrival time                                                 -3.75
  --------------------------------------------------------------------------
  slack (MET)                                                        1.72


  Startpoint: sel_item[1]
              (input port clocked by clk)
  Endpoint: u_memory/mem_reg[0][1]
            (rising edge-triggered flip-flop clocked by clk)
  Path Group: clk
  Path Type: max

  Des/Clust/Port     Wire Load Model       Library
  ------------------------------------------------
  vending_top        8000                  saed32rvt_tt1p05v25c

  Point                                                   Incr       Path
  --------------------------------------------------------------------------
  clock clk (rise edge)                                   0.00       0.00
  clock network delay (ideal)                             0.00       0.00
  input external delay                                    3.00       3.00 f
  sel_item[1] (in)                                        0.03       3.03 f
  U280/Y (MUX41X1_RVT)                                    0.21       3.24 r
  U290/Y (OR2X1_RVT)                                      0.06       3.30 r
  U291/Y (OR2X1_RVT)                                      0.06       3.36 r
  U292/Y (OR2X1_RVT)                                      0.05       3.41 r
  U293/Y (OR2X1_RVT)                                      0.05       3.47 r
  U294/Y (NAND2X0_RVT)                                    0.05       3.52 f
  U329/Y (OA21X1_RVT)                                     0.07       3.59 f
  U186/Y (INVX0_RVT)                                      0.05       3.63 r
  U331/Y (AND2X1_RVT)                                     0.05       3.68 r
  U332/Y (AO22X1_RVT)                                     0.05       3.74 r
  u_memory/mem_reg[0][1]/D (DFFX1_RVT)                    0.01       3.75 r
  data arrival time                                                  3.75

  clock clk (rise edge)                                   6.00       6.00
  clock network delay (ideal)                             0.00       6.00
  clock uncertainty                                      -0.50       5.50
  u_memory/mem_reg[0][1]/CLK (DFFX1_RVT)                  0.00       5.50 r
  library setup time                                     -0.03       5.47
  data required time                                                 5.47
  --------------------------------------------------------------------------
  data required time                                                 5.47
  data arrival time                                                 -3.75
  --------------------------------------------------------------------------
  slack (MET)                                                        1.72


  Startpoint: sel_item[1]
              (input port clocked by clk)
  Endpoint: u_memory/mem_reg[0][3]
            (rising edge-triggered flip-flop clocked by clk)
  Path Group: clk
  Path Type: max

  Des/Clust/Port     Wire Load Model       Library
  ------------------------------------------------
  vending_top        8000                  saed32rvt_tt1p05v25c

  Point                                                   Incr       Path
  --------------------------------------------------------------------------
  clock clk (rise edge)                                   0.00       0.00
  clock network delay (ideal)                             0.00       0.00
  input external delay                                    3.00       3.00 f
  sel_item[1] (in)                                        0.03       3.03 f
  U280/Y (MUX41X1_RVT)                                    0.21       3.24 r
  U290/Y (OR2X1_RVT)                                      0.06       3.30 r
  U291/Y (OR2X1_RVT)                                      0.06       3.36 r
  U292/Y (OR2X1_RVT)                                      0.05       3.41 r
  U293/Y (OR2X1_RVT)                                      0.05       3.47 r
  U294/Y (NAND2X0_RVT)                                    0.05       3.52 f
  U329/Y (OA21X1_RVT)                                     0.07       3.59 f
  U186/Y (INVX0_RVT)                                      0.05       3.63 r
  U331/Y (AND2X1_RVT)                                     0.05       3.68 r
  U334/Y (AO22X1_RVT)                                     0.05       3.74 r
  u_memory/mem_reg[0][3]/D (DFFX1_RVT)                    0.01       3.75 r
  data arrival time                                                  3.75

  clock clk (rise edge)                                   6.00       6.00
  clock network delay (ideal)                             0.00       6.00
  clock uncertainty                                      -0.50       5.50
  u_memory/mem_reg[0][3]/CLK (DFFX1_RVT)                  0.00       5.50 r
  library setup time                                     -0.03       5.47
  data required time                                                 5.47
  --------------------------------------------------------------------------
  data required time                                                 5.47
  data arrival time                                                 -3.75
  --------------------------------------------------------------------------
  slack (MET)                                                        1.72


  Startpoint: sel_item[1]
              (input port clocked by clk)
  Endpoint: u_memory/mem_reg[0][4]
            (rising edge-triggered flip-flop clocked by clk)
  Path Group: clk
  Path Type: max

  Des/Clust/Port     Wire Load Model       Library
  ------------------------------------------------
  vending_top        8000                  saed32rvt_tt1p05v25c

  Point                                                   Incr       Path
  --------------------------------------------------------------------------
  clock clk (rise edge)                                   0.00       0.00
  clock network delay (ideal)                             0.00       0.00
  input external delay                                    3.00       3.00 f
  sel_item[1] (in)                                        0.03       3.03 f
  U280/Y (MUX41X1_RVT)                                    0.21       3.24 r
  U290/Y (OR2X1_RVT)                                      0.06       3.30 r
  U291/Y (OR2X1_RVT)                                      0.06       3.36 r
  U292/Y (OR2X1_RVT)                                      0.05       3.41 r
  U293/Y (OR2X1_RVT)                                      0.05       3.47 r
  U294/Y (NAND2X0_RVT)                                    0.05       3.52 f
  U329/Y (OA21X1_RVT)                                     0.07       3.59 f
  U186/Y (INVX0_RVT)                                      0.05       3.63 r
  U331/Y (AND2X1_RVT)                                     0.05       3.68 r
  U335/Y (AO22X1_RVT)                                     0.05       3.74 r
  u_memory/mem_reg[0][4]/D (DFFX1_RVT)                    0.01       3.75 r
  data arrival time                                                  3.75

  clock clk (rise edge)                                   6.00       6.00
  clock network delay (ideal)                             0.00       6.00
  clock uncertainty                                      -0.50       5.50
  u_memory/mem_reg[0][4]/CLK (DFFX1_RVT)                  0.00       5.50 r
  library setup time                                     -0.03       5.47
  data required time                                                 5.47
  --------------------------------------------------------------------------
  data required time                                                 5.47
  data arrival time                                                 -3.75
  --------------------------------------------------------------------------
  slack (MET)                                                        1.72


1
