 
****************************************
Report : power
        -analysis_effort low
Design : vending_top
Version: X-2025.06-SP2
Date   : Wed Jul 29 00:05:26 2026
****************************************


Library(s) Used:

    saed32rvt_tt1p05v25c (File: /home/apolo.silva/atividades_roteiros/grupo_NN_vending/libs/saed32rvt_tt1p05v25c.db)


Operating Conditions: tt1p05v25c   Library: saed32rvt_tt1p05v25c
Wire Load Model Mode: enclosed

Design        Wire Load Model            Library
------------------------------------------------
vending_top            8000              saed32rvt_tt1p05v25c
control_unit           ForQA             saed32rvt_tt1p05v25c
credit_reg             8000              saed32rvt_tt1p05v25c
vending_memory         8000              saed32rvt_tt1p05v25c
comparator             ForQA             saed32rvt_tt1p05v25c
subtractor             ForQA             saed32rvt_tt1p05v25c


Global Operating Voltage = 1.05 
Power-specific unit information :
    Voltage Units = 1V
    Capacitance Units = 1.000000ff
    Time Units = 1ns
    Dynamic Power Units = 1uW    (derived from V,C,T units)
    Leakage Power Units = 1pW


Attributes
----------
i - Including register clock pin internal power


  Cell Internal Power  =  74.5054 uW   (97%)
  Net Switching Power  =   2.1902 uW    (3%)
                         ---------
Total Dynamic Power    =  76.6956 uW  (100%)

Cell Leakage Power     =  98.0988 uW


                 Internal         Switching           Leakage            Total
Power Group      Power            Power               Power              Power   (   %    )  Attrs
--------------------------------------------------------------------------------------------------
io_pad             0.0000            0.0000            0.0000            0.0000  (   0.00%)
memory             0.0000            0.0000            0.0000            0.0000  (   0.00%)
black_box          0.0000            0.0000            0.0000            0.0000  (   0.00%)
clock_network     70.8072            0.0000            0.0000           70.8072  (  40.51%)  i
register           0.6225            0.3353        6.3900e+07           64.8578  (  37.11%)
sequential         0.0000            0.0000            0.0000            0.0000  (   0.00%)
combinational      3.0757            1.8548        3.4199e+07           39.1293  (  22.39%)
--------------------------------------------------------------------------------------------------
Total             74.5054 uW         2.1902 uW     9.8099e+07 pW       174.7944 uW
1
